******************************************************************************
                  MSP430 Linker PC v21.6.0                     
******************************************************************************
>> Linked Fri Jan  7 14:57:24 2022

OUTPUT FILE NAME:   <OPT3101_SDK.out>
ENTRY POINT SYMBOL: "_c_int00_noargs"  address: 00004538


MEMORY CONFIGURATION

         name            origin    length      used     unused   attr    fill
----------------------  --------  ---------  --------  --------  ----  --------
  SFR                   00000000   00000010  00000000  00000010  RWIX
  PERIPHERALS_8BIT      00000010   000000f0  00000000  000000f0  RWIX
  PERIPHERALS_16BIT     00000100   00000100  00000000  00000100  RWIX
  INFOD                 00001800   00000080  00000000  00000080  RWIX
  INFOC                 00001880   00000080  00000000  00000080  RWIX
  INFOB                 00001900   00000080  00000000  00000080  RWIX
  INFOA                 00001980   00000080  00000000  00000080  RWIX
  USBRAM                00001c00   00000800  00000000  00000800  RWIX
  RAM                   00002400   00002000  000003c0  00001c40  RWIX
  FLASH                 00004400   0000bb80  00000f78  0000ac08  RWIX
  INT00                 0000ff80   00000002  00000000  00000002  RWIX
  INT01                 0000ff82   00000002  00000000  00000002  RWIX
  INT02                 0000ff84   00000002  00000000  00000002  RWIX
  INT03                 0000ff86   00000002  00000000  00000002  RWIX
  INT04                 0000ff88   00000002  00000000  00000002  RWIX
  INT05                 0000ff8a   00000002  00000000  00000002  RWIX
  INT06                 0000ff8c   00000002  00000000  00000002  RWIX
  INT07                 0000ff8e   00000002  00000000  00000002  RWIX
  INT08                 0000ff90   00000002  00000000  00000002  RWIX
  INT09                 0000ff92   00000002  00000000  00000002  RWIX
  INT10                 0000ff94   00000002  00000000  00000002  RWIX
  INT11                 0000ff96   00000002  00000000  00000002  RWIX
  INT12                 0000ff98   00000002  00000000  00000002  RWIX
  INT13                 0000ff9a   00000002  00000000  00000002  RWIX
  INT14                 0000ff9c   00000002  00000000  00000002  RWIX
  INT15                 0000ff9e   00000002  00000000  00000002  RWIX
  INT16                 0000ffa0   00000002  00000000  00000002  RWIX
  INT17                 0000ffa2   00000002  00000000  00000002  RWIX
  INT18                 0000ffa4   00000002  00000000  00000002  RWIX
  INT19                 0000ffa6   00000002  00000000  00000002  RWIX
  INT20                 0000ffa8   00000002  00000000  00000002  RWIX
  INT21                 0000ffaa   00000002  00000000  00000002  RWIX
  INT22                 0000ffac   00000002  00000000  00000002  RWIX
  INT23                 0000ffae   00000002  00000000  00000002  RWIX
  INT24                 0000ffb0   00000002  00000000  00000002  RWIX
  INT25                 0000ffb2   00000002  00000000  00000002  RWIX
  INT26                 0000ffb4   00000002  00000000  00000002  RWIX
  INT27                 0000ffb6   00000002  00000000  00000002  RWIX
  INT28                 0000ffb8   00000002  00000000  00000002  RWIX
  INT29                 0000ffba   00000002  00000000  00000002  RWIX
  INT30                 0000ffbc   00000002  00000000  00000002  RWIX
  INT31                 0000ffbe   00000002  00000000  00000002  RWIX
  INT32                 0000ffc0   00000002  00000000  00000002  RWIX
  INT33                 0000ffc2   00000002  00000000  00000002  RWIX
  INT34                 0000ffc4   00000002  00000000  00000002  RWIX
  INT35                 0000ffc6   00000002  00000000  00000002  RWIX
  INT36                 0000ffc8   00000002  00000000  00000002  RWIX
  INT37                 0000ffca   00000002  00000000  00000002  RWIX
  INT38                 0000ffcc   00000002  00000000  00000002  RWIX
  INT39                 0000ffce   00000002  00000000  00000002  RWIX
  INT40                 0000ffd0   00000002  00000000  00000002  RWIX
  INT41                 0000ffd2   00000002  00000002  00000000  RWIX
  INT42                 0000ffd4   00000002  00000002  00000000  RWIX
  INT43                 0000ffd6   00000002  00000002  00000000  RWIX
  INT44                 0000ffd8   00000002  00000002  00000000  RWIX
  INT45                 0000ffda   00000002  00000002  00000000  RWIX
  INT46                 0000ffdc   00000002  00000002  00000000  RWIX
  INT47                 0000ffde   00000002  00000002  00000000  RWIX
  INT48                 0000ffe0   00000002  00000002  00000000  RWIX
  INT49                 0000ffe2   00000002  00000002  00000000  RWIX
  INT50                 0000ffe4   00000002  00000002  00000000  RWIX
  INT51                 0000ffe6   00000002  00000002  00000000  RWIX
  INT52                 0000ffe8   00000002  00000002  00000000  RWIX
  INT53                 0000ffea   00000002  00000002  00000000  RWIX
  INT54                 0000ffec   00000002  00000002  00000000  RWIX
  INT55                 0000ffee   00000002  00000002  00000000  RWIX
  INT56                 0000fff0   00000002  00000002  00000000  RWIX
  INT57                 0000fff2   00000002  00000002  00000000  RWIX
  INT58                 0000fff4   00000002  00000002  00000000  RWIX
  INT59                 0000fff6   00000002  00000002  00000000  RWIX
  INT60                 0000fff8   00000002  00000002  00000000  RWIX
  INT61                 0000fffa   00000002  00000002  00000000  RWIX
  INT62                 0000fffc   00000002  00000002  00000000  RWIX
  RESET                 0000fffe   00000002  00000002  00000000  RWIX
  FLASH2                00010000   00014400  0000d9fc  00006a04  RWIX


SECTION ALLOCATION MAP

 output                                  attributes/
section   page    origin      length       input sections
--------  ----  ----------  ----------   ----------------
.bss       0    00002400    00000252     UNINITIALIZED
                  00002400    000001be     hostController.obj (.bss:host)
                  000025be    00000022     (.common:abramSerialStringDescriptor)
                  000025e0    0000001a     UsbCdc.obj (.bss:CdcReadCtrl)
                  000025fa    0000000e     i2cHandler.obj (.bss)
                  00002608    0000000c     UsbCdc.obj (.bss:CdcWriteCtrl)
                  00002614    0000000b     usb.obj (.bss)
                  0000261f    00000001     (.common:bStatusAction)
                  00002620    00000008     UsbCdc.obj (.bss:CdcControl)
                  00002628    00000008     (.common:abUsbRequestIncomingData)
                  00002630    00000008     (.common:abUsbRequestReturnData)
                  00002638    00000004     rts430x_lc_rd_eabi.lib : memory.c.obj (.bss)
                  0000263c    00000004                            : new.cpp.obj (.bss)
                  00002640    00000004     (.common:USB_RX_memcpy)
                  00002644    00000004     (.common:USB_TX_memcpy)
                  00002648    00000004     (.common:__dso_handle)
                  0000264c    00000002     (.common:wBytesRemainingOnIEP0)
                  0000264e    00000002     (.common:wBytesRemainingOnOEP0)
                  00002650    00000002     (.common:wUsbEventMask)

.data      0    000026f4    0000002e     UNINITIALIZED
                  000026f4    00000008     ucs.obj (.data)
                  000026fc    00000008     usb.obj (.data)
                  00002704    00000004     rts430x_lc_rd_eabi.lib : exit_gvars.c.obj (.data:__TI_cleanup_ptr)
                  00002708    00000004                            : exit_gvars.c.obj (.data:__TI_dtors_ptr)
                  0000270c    00000004                            : _lock.c.obj (.data:_lock)
                  00002710    00000004                            : _lock.c.obj (.data:_unlock)
                  00002714    00000004                            : dtor_list.c.obj (.data)
                  00002718    00000003     hostController.obj (.data)
                  0000271b    00000001     --HOLE--
                  0000271c    00000002     rts430x_lc_rd_eabi.lib : errno.c.obj (.data)
                  0000271e    00000002                            : exit.c.obj (.data)
                  00002720    00000002                            : memory.c.obj (.data)

.sysmem    0    00002654    000000a0     UNINITIALIZED
                  00002654    00000008     rts430x_lc_rd_eabi.lib : memory.c.obj (.sysmem)
                  0000265c    00000098     --HOLE--

.stack     0    00004360    000000a0     UNINITIALIZED
                  00004360    00000004     rts430x_lc_rd_eabi.lib : boot.c.obj (.stack)
                  00004364    0000009c     --HOLE--

.text:_isr 
*          0    00004400    0000015c     
                  00004400    00000138     UsbIsr.obj (.text:_isr:iUsbInterruptHandler)
                  00004538    0000001c     rts430x_lc_rd_eabi.lib : boot.c.obj (.text:_isr:_c_int00_noargs)
                  00004554    00000008                            : isr_trap.asm.obj (.text:_isr:__TI_ISR_TRAP)

.cinit     0    00005340    00000038     
                  00005340    00000015     (.cinit..data.load) [load image, compression = lzss]
                  00005355    00000001     --HOLE-- [fill = 0]
                  00005356    0000000c     (__TI_handler_table)
                  00005362    00000006     (.cinit..bss.load) [load image, compression = zero_init]
                  00005368    00000010     (__TI_cinit_table)

.binit     0    00004400    00000000     

.init_array 
*          0    0000455c    00000008     
                  0000455c    00000004     hostController.obj (.init_array)
                  00004560    00000004     environmentControl.obj (.init_array)

.const     0    00004564    00000ddc     
                  00004564    00000732     OPT3101device_Functions.obj (.const:.string)
                  00004c96    00000170     OPT3101Crosstalk.obj (.const:.string)
                  00004e06    00000116     OPT3101PhaseOffset.obj (.const:.string)
                  00004f1c    0000010a     descriptors.obj (.const:tUsbRequestList)
                  00005026    00000101     rts430x_lc_rd_eabi.lib : ctype.c.obj (.const:.string:_ctypes_)
                  00005127    00000001     --HOLE-- [fill = 0]
                  00005128    00000078     descriptors.obj (.const:.string:abromStringDescriptor)
                  000051a0    00000054     hostController.obj (.const:.string)
                  000051f4    00000044     main.obj (.const:.string)
                  00005238    00000043     descriptors.obj (.const:abromConfigurationDescriptorGroup)
                  0000527b    00000001     --HOLE-- [fill = 0]
                  0000527c    00000026     rts430x_lc_rd_eabi.lib : _printfi.c.obj (.const:.string)
                  000052a2    00000020     usb.obj (.const:.string)
                  000052c2    0000001c     gpio.obj (.const:GPIO_PORT_TO_BASE)
                  000052de    00000012     descriptors.obj (.const:.string:abromDeviceDescriptor)
                  000052f0    00000010     rts430x_lc_rd_eabi.lib : e_pow.c.obj (.const:bp)
                  00005300    00000010                            : e_pow.c.obj (.const:dp_h)
                  00005310    00000010                            : e_pow.c.obj (.const:dp_l)
                  00005320    00000010     descriptors.obj (.const:stUsbHandle)
                  00005330    0000000a     usbdma.obj (.const:$P$T0$1)
                  0000533a    00000003     OPT3101_configuration.obj (.const:.string:$P$T0$1)
                  0000533d    00000001     --HOLE-- [fill = 0]
                  0000533e    00000002     OPT3101_configuration.obj (.const:.string:$P$T1$2)

RTC        0    0000ffd2    00000002     
                  0000ffd2    00000002     rts430x_lc_rd_eabi.lib : int41.asm.obj (.int41)

PORT2      0    0000ffd4    00000002     
                  0000ffd4    00000002     rts430x_lc_rd_eabi.lib : int42.asm.obj (.int42)

TIMER2_A1 
*          0    0000ffd6    00000002     
                  0000ffd6    00000002     rts430x_lc_rd_eabi.lib : int43.asm.obj (.int43)

TIMER2_A0 
*          0    0000ffd8    00000002     
                  0000ffd8    00000002     rts430x_lc_rd_eabi.lib : int44.asm.obj (.int44)

USCI_B1    0    0000ffda    00000002     
                  0000ffda    00000002     rts430x_lc_rd_eabi.lib : int45.asm.obj (.int45)

USCI_A1    0    0000ffdc    00000002     
                  0000ffdc    00000002     rts430x_lc_rd_eabi.lib : int46.asm.obj (.int46)

PORT1      0    0000ffde    00000002     
                  0000ffde    00000002     rts430x_lc_rd_eabi.lib : int47.asm.obj (.int47)

TIMER1_A1 
*          0    0000ffe0    00000002     
                  0000ffe0    00000002     rts430x_lc_rd_eabi.lib : int48.asm.obj (.int48)

TIMER1_A0 
*          0    0000ffe2    00000002     
                  0000ffe2    00000002     rts430x_lc_rd_eabi.lib : int49.asm.obj (.int49)

DMA        0    0000ffe4    00000002     
                  0000ffe4    00000002     rts430x_lc_rd_eabi.lib : int50.asm.obj (.int50)

USB_UBM    0    0000ffe6    00000002     
                  0000ffe6    00000002     UsbIsr.obj (.int51)

TIMER0_A1 
*          0    0000ffe8    00000002     
                  0000ffe8    00000002     rts430x_lc_rd_eabi.lib : int52.asm.obj (.int52)

TIMER0_A0 
*          0    0000ffea    00000002     
                  0000ffea    00000002     rts430x_lc_rd_eabi.lib : int53.asm.obj (.int53)

ADC12      0    0000ffec    00000002     
                  0000ffec    00000002     rts430x_lc_rd_eabi.lib : int54.asm.obj (.int54)

USCI_B0    0    0000ffee    00000002     
                  0000ffee    00000002     rts430x_lc_rd_eabi.lib : int55.asm.obj (.int55)

USCI_A0    0    0000fff0    00000002     
                  0000fff0    00000002     rts430x_lc_rd_eabi.lib : int56.asm.obj (.int56)

WDT        0    0000fff2    00000002     
                  0000fff2    00000002     rts430x_lc_rd_eabi.lib : int57.asm.obj (.int57)

TIMER0_B1 
*          0    0000fff4    00000002     
                  0000fff4    00000002     rts430x_lc_rd_eabi.lib : int58.asm.obj (.int58)

TIMER0_B0 
*          0    0000fff6    00000002     
                  0000fff6    00000002     rts430x_lc_rd_eabi.lib : int59.asm.obj (.int59)

COMP_B     0    0000fff8    00000002     
                  0000fff8    00000002     rts430x_lc_rd_eabi.lib : int60.asm.obj (.int60)

UNMI       0    0000fffa    00000002     
                  0000fffa    00000002     rts430x_lc_rd_eabi.lib : int61.asm.obj (.int61)

SYSNMI     0    0000fffc    00000002     
                  0000fffc    00000002     rts430x_lc_rd_eabi.lib : int62.asm.obj (.int62)

.reset     0    0000fffe    00000002     
                  0000fffe    00000002     rts430x_lc_rd_eabi.lib : boot.c.obj (.reset)

.text      0    00010000    0000d9fc     
                  00010000    00002bcc     OPT3101device_RegisterMap.obj (.text:_ZN7OPT31019registersC1Ev)
                  00012bcc    00001148     rts430x_lc_rd_eabi.lib : e_pow.c.obj (.text:pow)
                  00013d14    0000072a                            : addd.c.obj (.text:__mspabi_addd)
                  0001443e    000005dc     OPT3101Calibration.obj (.text:_ZN7OPT310112calibrationC31findCrosstalkTempRegisterValuesEPNS_18crosstalkTempCoffCEPbS3_PNS_10crosstalkCE)
                  00014a1a    00000466     rts430x_lc_rd_eabi.lib : frcdivd.c.obj (.text:__TI_frcdivd)
                  00014e80    00000350     OPT3101device_Functions.obj (.text:_ZN7OPT31016device12liveDataViewEmmb)
                  000151d0    0000034e     rts430x_lc_rd_eabi.lib : div64u.c.obj (.text:__mspabi_divull)
                  0001551e    000002e2     OPT3101Calibration.obj (.text:_ZN7OPT310112calibrationC27findPhaseTempRegisterValuesEPNS_14phaseTempCoffCEPbS3_j)
                  00015800    000002de     rts430x_lc_rd_eabi.lib : e_sqrt.c.obj (.text:sqrt)
                  00015ade    000002aa     UsbCdc.obj (.text:CdcToHostFromBuffer)
                  00015d88    000002a6     rts430x_lc_rd_eabi.lib : _printfi.c.obj (.text:__TI_printfi:__TI_printfi)
                  0001602e    00000298                            : mpyd.c.obj (.text:__mspabi_mpyd)
                  000162c6    00000288     OPT3101device_Functions.obj (.text:_ZN7OPT31016device18loadIllumCrosstalkEPNS_10crosstalkCEhc)
                  0001654e    0000027a     rts430x_lc_rd_eabi.lib : _printfi.c.obj (.text:__TI_printfi:_setfield___TI_printfi)
                  000167c8    00000268                            : _printfi.c.obj (.text:_pproc_fgea)
                  00016a30    0000024e     OPT3101_configuration.obj (.text:_ZN7OPT31016device10initializeEv)
                  00016c7e    00000230     UsbCdc.obj (.text:CdcToBufferFromHost)
                  00016eae    00000224     rts430x_lc_rd_eabi.lib : _printfi.c.obj (.text:acvt)
                  000170d2    00000222                            : divd.c.obj (.text:__mspabi_divd)
                  000172f4    0000020c                            : _printfi.c.obj (.text:__TI_printfi:_getarg_diouxp___TI_printfi)
                  00017500    000001e6                            : _printfi.c.obj (.text:ecvt)
                  000176e6    000001c8                            : _printfi.c.obj (.text:fcvt)
                  000178ae    000001a2     usb.obj (.text:USB_reset)
                  00017a50    000001a2     rts430x_lc_rd_eabi.lib : _printfi.c.obj (.text:_pconv_e)
                  00017bf2    00000186     OPT3101DesignCoefficients.obj (.text:_ZN7OPT310117phaseAmbientCoffC13calculateCoffEj)
                  00017d78    00000186     OPT3101device_Functions.obj (.text:_ZN7OPT31016device34measureAndCorrectInternalCrosstalkEPNS_10crosstalkCE)
                  00017efe    00000170     rts430x_lc_rd_eabi.lib : _printfi.c.obj (.text:_pconv_a)
                  0001806e    0000016c     OPT3101Crosstalk.obj (.text:_ZN7OPT310110crosstalkC5printEv)
                  000181da    0000016a     OPT3101device_Functions.obj (.text:_ZN7OPT31016device15loadPhaseOffsetEPNS_12phaseOffsetCEhc)
                  00018344    00000164     OPT3101device_Functions.obj (.text:_ZN7OPT31016device18loadPhaseOffsetSetEb)
                  000184a8    00000164     rts430x_lc_rd_eabi.lib : frcmpyd.c.obj (.text:__TI_frcmpyd)
                  0001860c    0000015a     OPT3101device_Functions.obj (.text:_ZN7OPT31019frameData7captureEP14hostControllerPNS_6deviceEb)
                  00018766    0000015a     rts430x_lc_rd_eabi.lib : s_scalbn.c.obj (.text:scalbn)
                  000188c0    00000156     OPT3101device_Functions.obj (.text:_ZN7OPT31016device23loadPhaseOffsetTempCoffEPNS_14phaseTempCoffCEhc)
                  00018a16    0000014c     OPT3101device_Functions.obj (.text:_ZN7OPT31016device21loadIllumCrosstalkSetEb)
                  00018b62    00000148     rts430x_lc_rd_eabi.lib : _printfi.c.obj (.text:__TI_printfi:_pproc_diouxp___TI_printfi)
                  00018caa    00000128                            : _printfi.c.obj (.text:__TI_printfi:_ltostr___TI_printfi)
                  00018dd2    00000126     OPT3101_configuration.obj (.text:_ZN7OPT310112calibrationCC1Ev)
                  00018ef8    00000124     OPT3101device_Functions.obj (.text:_ZN7OPT31019frameData5printEv)
                  0001901c    0000011c     i2cHandler.obj (.text:_ZN3I2C10i2cHandler4readEv)
                  00019138    00000118     OPT3101device_Functions.obj (.text:_ZN7OPT31016device26loadIllumCrosstalkTempCoffEPNS_18crosstalkTempCoffCEhc)
                  00019250    00000116     OPT3101device_Functions.obj (.text:_ZN7OPT31016device16validateDesignIDEv)
                  00019366    00000112     rts430x_lc_rd_eabi.lib : memory.c.obj (.text:aligned_alloc)
                  00019478    00000108     ucs.obj (.text:privateUCSSourceClockFromDCO)
                  00019580    00000102     OPT3101Coefficients.obj (.text:_ZN7OPT31016device34manuallySetIllumCrosstalkTempCoffsEv)
                  00019682    000000fc     rts430x_lc_rd_eabi.lib : _printfi.c.obj (.text:_pconv_g)
                  0001977e    000000fa     UsbCdc.obj (.text:CopyUsbToBuff)
                  00019878    000000ea     i2cHandler.obj (.text:_ZN3I2C10i2cHandler5writeEv)
                  00019962    000000ea     rts430x_lc_rd_eabi.lib : _printfi.c.obj (.text:__TI_printfi:_pproc_fwp___TI_printfi)
                  00019a4c    000000e8     usb.obj (.text:USB_InitSerialStringDescriptor)
                  00019b34    000000e2     ucs.obj (.text:UCS_initFLL)
                  00019c16    000000e2     usb.obj (.text:USB_enable)
                  00019cf8    000000e2     rts430x_lc_rd_eabi.lib : memory.c.obj (.text:free)
                  00019dda    000000e0     pmm.obj (.text:PMM_setVCoreUp)
                  00019eba    000000de     ucs.obj (.text:privateUCSComputeCLKFrequency)
                  00019f98    000000d8     UsbCdc.obj (.text:USBCDC_getInterfaceStatus)
                  0001a070    000000d8     OPT3101Crosstalk.obj (.text:_ZN7OPT310110crosstalkC22readCrosstalkRegistersEPNS_6deviceE)
                  0001a148    000000d8     rts430x_lc_rd_eabi.lib : cmpd.c.obj (.text:__mspabi_cmpd)
                  0001a220    000000ca     usb.obj (.text:USB_determineFreq)
                  0001a2ea    000000ca     hostController.obj (.text:_ZN14hostController14printfSetColorEh)
                  0001a3b4    000000ca     register.obj (.text:_ZN7OPT310114deviceRegister5writeEl)
                  0001a47e    000000ca     register.obj (.text:_ZN7OPT310115deviceRegister25writeEl)
                  0001a548    000000c8     rts430x_lc_rd_eabi.lib : _printfi.c.obj (.text:__TI_printfi:_pproc_wstr___TI_printfi)
                  0001a610    000000be     OPT3101Crosstalk.obj (.text:_ZN7OPT310110crosstalkC11printHeaderEv)
                  0001a6ce    000000be     OPT3101device_Functions.obj (.text:_ZN7OPT31016device29loadIllumCrosstalkTempCoffSetEv)
                  0001a78c    000000ba     UsbCdc.obj (.text:USBCDC_getBytesInUSBBuffer)
                  0001a846    000000b8     MSPConnections.obj (.text:_ZN9LAUNCHPAD14MSPConnections4initEv)
                  0001a8fe    000000b0     OPT3101device_Functions.obj (.text:_ZN7OPT310112calibrationCC1Eb)
                  0001a9ae    000000ae     OPT3101device_Functions.obj (.text:_ZN7OPT31016device20resetInitAndViewDataEmb)
                  0001aa5c    000000ae     OPT3101device_Functions.obj (.text:_ZN7OPT31019frameData11printHeaderEv)
                  0001ab0a    000000ac     OPT3101device_Functions.obj (.text:_ZN7OPT31016device26loadPhaseOffsetTempCoffSetEv)
                  0001abb6    000000a8     OPT3101PhaseOffset.obj (.text:_ZN7OPT310112phaseOffsetC5printEv)
                  0001ac5e    000000a8     main.obj (.text:main)
                  0001ad06    000000a6     rts430x_lc_rd_eabi.lib : _printfi.c.obj (.text:__TI_printfi:_pproc_str___TI_printfi)
                  0001adac    000000a6                            : s_frexp.c.obj (.text:frexp)
                  0001ae52    000000a2     pmm.obj (.text:PMM_setVCoreDown)
                  0001aef4    000000a2     register.obj (.text:_ZN7OPT310114deviceRegister4readEv)
                  0001af96    0000009e     rts430x_lc_rd_eabi.lib : fltlid.c.obj (.text:__mspabi_fltlid)
                  0001b034    0000009c     UsbCdc.obj (.text:USBCDC_rejectData)
                  0001b0d0    0000009a     UsbCdc.obj (.text:USBCDC_sendData)
                  0001b16a    0000009a     OPT3101device_Functions.obj (.text:_ZN7OPT310112calibrationC24findCommonCrosstalkScaleEPNS_10crosstalkCEPbS3_)
                  0001b204    0000009a     OPT3101Coefficients.obj (.text:_ZN7OPT31016device25manuallySetPhaseTempCoffsEv)
                  0001b29e    00000094     usb.obj (.text:USB_init)
                  0001b332    00000094     OPT3101Crosstalk.obj (.text:_ZN7OPT310110crosstalkC9magnitudeEv)
                  0001b3c6    00000094     UsbCdc.obj (.text:usbGetLineCoding)
                  0001b45a    00000090     ucs.obj (.text:UCS_initClockSignal)
                  0001b4ea    00000090     usci_b_i2c.obj (.text:USCI_B_I2C_masterSendSingleByteWithTimeout)
                  0001b57a    00000090     rts430x_lc_rd_eabi.lib : _printfi.c.obj (.text:_ecpy)
                  0001b60a    00000090                            : _printfi.c.obj (.text:_mcpy)
                  0001b69a    0000008a     usb.obj (.text:usbGetEndpointStatus)
                  0001b724    00000088     OPT3101device_Functions.obj (.text:_ZN7OPT31016device20loadPhaseAmbientCoffEPNS_17phaseAmbientCoffCE)
                  0001b7ac    00000086     usb.obj (.text:usbDecodeAndProcessUsbRequest)
                  0001b832    00000084     rts430x_lc_rd_eabi.lib : vec_newdel.c.obj (.text:_ZN34_INTERNAL_12_vec_newdel_c_8a08d4a517array_new_generalEPvijjS0_PFYS0_S0_ES2_PFYS0_jEPFYvS0_Eii)
                  0001b8b6    00000082     dma.obj (.text:DMA_init)
                  0001b938    00000082     OPT3101device_Functions.obj (.text:_ZN7OPT31016device11validateI2CEv)
                  0001b9ba    00000080     rts430x_lc_rd_eabi.lib : _ltoa.c.obj (.text:__TI_ltoa)
                  0001ba3a    00000080                            : fltuld.c.obj (.text:__mspabi_fltuld)
                  0001baba    00000078                            : _printfi.c.obj (.text:_pconv_f)
                  0001bb32    00000076     UsbIsr.obj (.text:PWRVBUSoffHandler)
                  0001bba8    00000076     rts430x_lc_rd_eabi.lib : copy_decompress_lzss.c.obj (.text:decompress:lzss:__TI_decompress_lzss)
                  0001bc1e    00000074                            : memory.c.obj (.text:split)
                  0001bc92    00000070     UsbCdc.obj (.text:Handler_SetLineCoding)
                  0001bd02    00000070     rts430x_lc_rd_eabi.lib : autoinit.c.obj (.text:__TI_auto_init_nobinit_hold_wdt:__TI_auto_init_nobinit_hold_wdt)
                  0001bd72    0000006e     usbConstructs.obj (.text:USBCDC_sendDataInBackground)
                  0001bde0    0000006e     OPT3101PhaseOffset.obj (.text:_ZN7OPT310112phaseOffsetC11printHeaderEv)
                  0001be4e    0000006e     OPT3101_configuration.obj (.text:_ZN7OPT31016deviceC1Ev)
                  0001bebc    0000006e     usb.obj (.text:usbSendNextPacketOnIEP0)
                  0001bf2a    0000006a     UsbIsr.obj (.text:PWRVBUSonHandler)
                  0001bf94    00000066     hostController.obj (.text:_ZN14hostController10initializeEv)
                  0001bffa    00000066     rts430x_lc_rd_eabi.lib : fixdli.c.obj (.text:__mspabi_fixdli)
                  0001c060    00000064     usbdma.obj (.text:memcpyDMA)
                  0001c0c4    00000062     rts430x_lc_rd_eabi.lib : atoi.c.obj (.text:atoi)
                  0001c126    0000005e     OPT3101DesignCoefficients.obj (.text:_ZN7OPT310117phaseAmbientCoffCC1Ev)
                  0001c184    0000005c     usbdma.obj (.text:USB_initMemcpy)
                  0001c1e0    0000005c     rts430x_lc_rd_eabi.lib : mult64_f5hw.asm.obj (.text:__mpyll)
                  0001c23c    0000005a     usci_b_i2c.obj (.text:USCI_B_I2C_masterSendMultiByteStartWithTimeout)
                  0001c296    00000058     rts430x_lc_rd_eabi.lib : div32u.asm.obj (.text)
                  0001c2ee    00000058     usb.obj (.text:usbGetStringDescriptor)
                  0001c346    00000056     rts430x_lc_rd_eabi.lib : vsnprintf.c.obj (.text:vsnprintf)
                  0001c39c    00000054     hostController.obj (.text:_ZN14hostController6printfEPKcz)
                  0001c3f0    00000052     usb.obj (.text:usbReceiveNextPacketOnOEP0)
                  0001c442    00000050     tlv.obj (.text:TLV_getInfo)
                  0001c492    0000004e     rts430x_lc_rd_eabi.lib : dtor_list.c.obj (.text:_Z23__finalize_destructionsPP20a_needed_destructionPv)
                  0001c4e0    0000004e     OPT3101Coefficients.obj (.text:_ZN7OPT31016device28manuallySetPhaseAmbientCoffsEv)
                  0001c52e    0000004e     rts430x_lc_rd_eabi.lib : _printfi.c.obj (.text:_fcpy)
                  0001c57c    0000004a     i2cHandler.obj (.text:_ZN3I2C10i2cHandler4initEv)
                  0001c5c6    0000004a     i2cHandler.obj (.text:_ZN3I2C10i2cHandler4readEhPm)
                  0001c610    0000004a     rts430x_lc_rd_eabi.lib : exit.c.obj (.text:exit)
                  0001c65a    00000048     UsbIsr.obj (.text:SetupPacketInterruptHandler)
                  0001c6a2    00000048     usb.obj (.text:usbSetEndpointFeature)
                  0001c6ea    00000046     rts430x_lc_rd_eabi.lib : dtor_list.c.obj (.text:_Z25__add_destruction_to_listPP20a_needed_destructionPFYvPvES2_S2_)
                  0001c730    00000044     OPT3101device_Functions.obj (.text:_ZN7OPT31019frameDataC1Ev)
                  0001c774    00000042     OPT3101device_Functions.obj (.text:_ZN7OPT31016device23loadPhaseAmbientCoffSetEv)
                  0001c7b6    00000040     pmm.obj (.text:PMM_setVCore)
                  0001c7f6    00000040     rts430x_lc_rd_eabi.lib : asr64.c.obj (.text:__mspabi_srall)
                  0001c836    00000040                            : div32s.asm.obj (.text)
                  0001c876    00000040     usb.obj (.text:usbClearEndpointFeature)
                  0001c8b6    0000003e     UsbCdc.obj (.text:CdcResetData)
                  0001c8f4    0000003e     ucs.obj (.text:UCS_turnOnXT2WithTimeout)
                  0001c932    0000003e     hal.obj (.text:USBHAL_initClocks)
                  0001c970    0000003e     rts430x_lc_rd_eabi.lib : asr32.asm.obj (.text:l_asr_const)
                  0001c9ae    0000003e                            : lsl32.asm.obj (.text:l_lsl_const)
                  0001c9ec    0000003e                            : lsr32.asm.obj (.text:l_lsr_const)
                  0001ca2a    0000003c     usci_b_i2c.obj (.text:USCI_B_I2C_initMaster)
                  0001ca66    0000003c     usci_b_i2c.obj (.text:USCI_B_I2C_masterSendMultiByteNextWithTimeout)
                  0001caa2    0000003c     rts430x_lc_rd_eabi.lib : vec_newdel.c.obj (.text:__cxa_vec_ctor)
                  0001cade    0000003a     usb.obj (.text:USB_setup)
                  0001cb18    0000003a     rts430x_lc_rd_eabi.lib : lsl64.c.obj (.text:__mspabi_sllll)
                  0001cb52    0000003a                            : lsr64.c.obj (.text:__mspabi_srlll)
                  0001cb8c    00000038     UsbIsr.obj (.text:OEP0InterruptHandler)
                  0001cbc4    00000036     ucs.obj (.text:UCS_initFLLSettle)
                  0001cbfa    00000036     rts430x_lc_rd_eabi.lib : vsnprintf.c.obj (.text:_outs)
                  0001cc30    00000034     gpio.obj (.text:GPIO_setAsInputPin)
                  0001cc64    00000034     ucs.obj (.text:UCS_turnOnXT2)
                  0001cc98    00000034     usci_b_i2c.obj (.text:USCI_B_I2C_masterSendMultiByteStopWithTimeout)
                  0001cccc    00000034     i2cHandler.obj (.text:_ZN3I2C10i2cHandlerC1Ev)
                  0001cd00    00000034     flashHandler.obj (.text:_ZN7STORAGE12flashHandler4readEjPhj)
                  0001cd34    00000032     rts430x_lc_rd_eabi.lib : subd.c.obj (.text:__mspabi_subd)
                  0001cd66    00000030     dma.obj (.text:DMA_setDstAddress)
                  0001cd96    00000030     usb.obj (.text:USB_getConnectionInformation)
                  0001cdc6    00000030     usb.obj (.text:USB_suspend)
                  0001cdf6    00000030     hostController.obj (.text:_ZN14hostController5pauseEv)
                  0001ce26    00000030     gpio.obj (.text:_ZN4GPIO4gpioaSEh)
                  0001ce56    00000030     OPT3101device_Functions.obj (.text:_ZN7OPT31016device5resetEv)
                  0001ce86    0000002e     dma.obj (.text:DMA_setSrcAddress)
                  0001ceb4    0000002e     gpio.obj (.text:GPIO_selectInterruptEdge)
                  0001cee2    0000002e     OPT3101Crosstalk.obj (.text:_ZN7OPT310110crosstalkCC1Ev)
                  0001cf10    0000002e     OPT3101PhaseOffset.obj (.text:_ZN7OPT310112phaseOffsetCC1Ev)
                  0001cf3e    0000002e     OPT3101DesignCoefficients.obj (.text:_ZN7OPT310118crosstalkTempCoffCC1Ev)
                  0001cf6c    0000002e     rts430x_lc_rd_eabi.lib : negd.c.obj (.text:__mspabi_negd)
                  0001cf9a    0000002e                            : s_copysign.c.obj (.text:copysign)
                  0001cfc8    0000002c     hostController.obj (.text:_ZN14hostController5sleepEm)
                  0001cff4    0000002c     rts430x_lc_rd_eabi.lib : mult3264_f5hw.asm.obj (.text:__mpyull)
                  0001d020    0000002c                            : memory.c.obj (.text:free_list_insert)
                  0001d04c    0000002c                            : div16s.asm.obj (.text)
                  0001d078    0000002c     usb.obj (.text:usbGetDeviceStatus)
                  0001d0a4    0000002a     rts430x_lc_rd_eabi.lib : memory.c.obj (.text:free_list_remove)
                  0001d0ce    00000028     gpio.obj (.text:GPIO_setAsOutputPin)
                  0001d0f6    00000028     gpio.obj (.text:GPIO_setAsPeripheralModuleFunctionInputPin)
                  0001d11e    00000028     gpio.obj (.text:GPIO_setAsPeripheralModuleFunctionOutputPin)
                  0001d146    00000028     rts430x_lc_rd_eabi.lib : fixdi.c.obj (.text:__mspabi_fixdi)
                  0001d16e    00000026                            : dtor_list.c.obj (.text:_ZN33_INTERNAL_11_dtor_list_c_14e673d611__TI_atexitEPFYvPvES0_S0_)
                  0001d194    00000026                            : memccpy.c.obj (.text:memccpy)
                  0001d1ba    00000026     usb.obj (.text:usbSetConfiguration)
                  0001d1e0    00000024     hostController.obj (.text:_ZN14hostController11resetDeviceEv)
                  0001d204    00000024     rts430x_lc_rd_eabi.lib : new.cpp.obj (.text:_Znwj)
                  0001d228    00000024                            : copy_zero_init.c.obj (.text:decompress:ZI:__TI_zero_init_nomemset:__TI_zero_init_nomemset)
                  0001d24c    00000024                            : mult32_f5hw.asm.obj (.text)
                  0001d270    00000024     usb.obj (.text:usbDisableInEndpointInterrupt)
                  0001d294    00000024     usb.obj (.text:usbDisableOutEndpointInterrupt)
                  0001d2b8    00000022     usbdma.obj (.text:memcpyV)
                  0001d2da    00000022     usb.obj (.text:usbSendDataPacketOnEP0)
                  0001d2fc    00000020     wdt_a.obj (.text:WDT_A_hold)
                  0001d31c    00000020     rts430x_lc_rd_eabi.lib : vsnprintf.c.obj (.text:_outc)
                  0001d33c    00000020     usb.obj (.text:usbSetAddress)
                  0001d35c    0000001e     gpio.obj (.text:GPIO_disableInterrupt)
                  0001d37a    0000001e     usci_b_i2c.obj (.text:USCI_B_I2C_masterReceiveMultiByteEndPoll)
                  0001d398    0000001e     usci_b_i2c.obj (.text:USCI_B_I2C_masterReceiveSingle)
                  0001d3b6    0000001e     hostController.obj (.text:_ZN14hostControllerC1Ev)
                  0001d3d4    0000001e     i2cHandler.obj (.text:_ZN3I2C10i2cHandler5writeEhm)
                  0001d3f2    0000001e     OPT3101DesignCoefficients.obj (.text:_ZN7OPT310114phaseTempCoffCC1Ev)
                  0001d410    0000001e     usb.obj (.text:usbGetInterface)
                  0001d42e    0000001e     usb.obj (.text:usbGetInterfaceStatus)
                  0001d44c    0000001c     gpio.obj (.text:GPIO_getInputPinValue)
                  0001d468    0000001c     gpio.obj (.text:GPIO_setOutputHighOnPin)
                  0001d484    0000001c     gpio.obj (.text:GPIO_setOutputLowOnPin)
                  0001d4a0    0000001c     UsbIsr.obj (.text:IEP0InterruptHandler)
                  0001d4bc    0000001c     hostController.obj (.text:_ZN14hostController7readI2CEh)
                  0001d4d8    0000001c     i2cHandler.obj (.text:_ZN3I2C10i2cHandler18updateSlaveAddressEv)
                  0001d4f4    0000001c     gpio.obj (.text:_ZN4GPIO4gpio13setAsInputPinEv)
                  0001d510    0000001c     rts430x_lc_rd_eabi.lib : strchr.c.obj (.text:strchr)
                  0001d52c    0000001a     UsbCdc.obj (.text:CdcIsReceiveInProgress)
                  0001d546    0000001a     ucs.obj (.text:UCS_getSMCLK)
                  0001d560    0000001a     usb.obj (.text:USB_connect)
                  0001d57a    0000001a     hostController.obj (.text:__sti___18_hostController_cpp_host)
                  0001d594    00000018     usb.obj (.text:USB_resume)
                  0001d5ac    00000018     i2cHandler.obj (.text:_ZN3I2C10i2cHandlerD1Ev)
                  0001d5c4    00000018     rts430x_lc_rd_eabi.lib : mult16_f5hw.asm.obj (.text)
                  0001d5dc    00000018     usb.obj (.text:usbClearDeviceFeature)
                  0001d5f4    00000018     usb.obj (.text:usbSetDeviceFeature)
                  0001d60c    00000016     rts430x_lc_rd_eabi.lib : memory.c.obj (.text:heap_start)
                  0001d622    00000016                            : memset.c.obj (.text:memset)
                  0001d638    00000016                            : div16u.asm.obj (.text)
                  0001d64e    00000016     usb.obj (.text:usbGetConfigurationDescriptor)
                  0001d664    00000016     usb.obj (.text:usbGetDeviceDescriptor)
                  0001d67a    00000016     rts430x_lc_rd_eabi.lib : wcslen.c.obj (.text:wcslen)
                  0001d690    00000014     usbEventHandling.obj (.text:USB_handleVbusOnEvent)
                  0001d6a4    00000014     rts430x_lc_rd_eabi.lib : memcpy.c.obj (.text:memcpy)
                  0001d6b8    00000014     usb.obj (.text:usbGetConfiguration)
                  0001d6cc    00000014     usb.obj (.text:usbReceiveDataPacketOnEP0)
                  0001d6e0    00000014     UsbCdc.obj (.text:usbSetControlLineState)
                  0001d6f4    00000012     rts430x_lc_rd_eabi.lib : copy_decompress_none.c.obj (.text:decompress:none:__TI_decompress_none)
                  0001d706    00000012                            : toupper.c.obj (.text:toupper)
                  0001d718    00000012     usb.obj (.text:usbSetInterface)
                  0001d72a    00000010     dma.obj (.text:DMA_disableTransfers)
                  0001d73a    00000010     dma.obj (.text:DMA_enableTransfers)
                  0001d74a    00000010     gpio.obj (.text:_ZN4GPIO4gpio19selectInterruptEdgeEh)
                  0001d75a    00000010     register.obj (.text:_ZN7OPT310114deviceRegister4readEh)
                  0001d76a    00000010     register.obj (.text:_ZN7OPT310115deviceRegister24readEh)
                  0001d77a    00000010     rts430x_lc_rd_eabi.lib : asr32.asm.obj (.text:l_asr)
                  0001d78a    00000010                            : lsl32.asm.obj (.text:l_lsl)
                  0001d79a    00000010                            : lsr32.asm.obj (.text:l_lsr)
                  0001d7aa    0000000e     dma.obj (.text:DMA_getInterruptStatus)
                  0001d7b8    0000000e     dma.obj (.text:DMA_startTransfer)
                  0001d7c6    0000000e     usci_b_i2c.obj (.text:USCI_B_I2C_isBusBusy)
                  0001d7d4    0000000e     hostController.obj (.text:_ZN14hostControllerD1Ev)
                  0001d7e2    0000000e     gpio.obj (.text:_ZN4GPIO4gpio14setAsOutputPinEv)
                  0001d7f0    0000000e     gpio.obj (.text:_ZN4GPIO4gpio16disableInterruptEv)
                  0001d7fe    0000000e     gpio.obj (.text:_ZN4GPIO4gpio16getInputPinValueEv)
                  0001d80c    0000000e     gpio.obj (.text:_ZN4GPIO4gpio37setAsPeripheralModuleFunctionInputPinEv)
                  0001d81a    0000000e     gpio.obj (.text:_ZN4GPIO4gpio38setAsPeripheralModuleFunctionOutputPinEv)
                  0001d828    0000000e     rts430x_lc_rd_eabi.lib : labs.c.obj (.text:labs)
                  0001d836    0000000e                            : strlen.c.obj (.text:strlen)
                  0001d844    0000000e     usb.obj (.text:usbInvalidRequest)
                  0001d852    0000000e     usb.obj (.text:usbSendZeroLengthPacketOnIEP0)
                  0001d860    0000000c     dma.obj (.text:DMA_setTransferSize)
                  0001d86c    0000000c     usci_b_i2c.obj (.text:USCI_B_I2C_masterReceiveMultiByteStart)
                  0001d878    0000000c     usci_b_i2c.obj (.text:USCI_B_I2C_setMode)
                  0001d884    0000000c     usci_b_i2c.obj (.text:USCI_B_I2C_setSlaveAddress)
                  0001d890    0000000c     rts430x_lc_rd_eabi.lib : fltid.c.obj (.text:__mspabi_fltid)
                  0001d89c    0000000c     UsbCdc.obj (.text:usbSetLineCoding)
                  0001d8a8    0000000a     register.obj (.text:_ZN7OPT310114deviceRegister7readI2CEh)
                  0001d8b2    0000000a     register.obj (.text:_ZN7OPT310114deviceRegister8writeI2CEhm)
                  0001d8bc    0000000a     register.obj (.text:_ZN7OPT310115deviceRegister27readI2CEh)
                  0001d8c6    0000000a     register.obj (.text:_ZN7OPT310115deviceRegister28writeI2CEhm)
                  0001d8d0    0000000a     flashHandler.obj (.text:_ZN7STORAGE12flashHandlerC1Ev)
                  0001d8da    0000000a     rts430x_lc_rd_eabi.lib : new.cpp.obj (.text:_ZdlPv)
                  0001d8e4    0000000a                            : dtor_list.c.obj (.text:__cxa_ia64_exit)
                  0001d8ee    0000000a                            : abs.c.obj (.text:abs)
                  0001d8f8    0000000a                            : asr16.asm.obj (.text)
                  0001d902    0000000a                            : lsl16.asm.obj (.text)
                  0001d90c    0000000a                            : lsr16.asm.obj (.text)
                  0001d916    0000000a     usb.obj (.text:usbStallEndpoint0)
                  0001d920    00000008     ucs.obj (.text:UCS_turnOffXT2)
                  0001d928    00000008     usbEventHandling.obj (.text:USBCDC_handleDataReceived)
                  0001d930    00000008     usbEventHandling.obj (.text:USBCDC_handleReceiveCompleted)
                  0001d938    00000008     usbEventHandling.obj (.text:USBCDC_handleSendCompleted)
                  0001d940    00000008     usbEventHandling.obj (.text:USB_handleVbusOffEvent)
                  0001d948    00000008     usb.obj (.text:USB_setEnabledEvents)
                  0001d950    00000008     usci_b_i2c.obj (.text:USCI_B_I2C_masterIsStartSent)
                  0001d958    00000008     usci_b_i2c.obj (.text:USCI_B_I2C_masterIsStopSent)
                  0001d960    00000008     rts430x_lc_rd_eabi.lib : memory.c.obj (.text:malloc)
                  0001d968    00000006     dma.obj (.text:DMA_disableTransferDuringReadModifyWrite)
                  0001d96e    00000006     dma.obj (.text:DMA_enableTransferDuringReadModifyWrite)
                  0001d974    00000006     ucs.obj (.text:UCS_turnOnSMCLK)
                  0001d97a    00000006     usb.obj (.text:USB_getVersion)
                  0001d980    00000006     usci_b_i2c.obj (.text:USCI_B_I2C_enable)
                  0001d986    00000006     usci_b_i2c.obj (.text:USCI_B_I2C_masterReceiveMultiByteStop)
                  0001d98c    00000006     hostController.obj (.text:_ZN14hostController8writeI2CEhm)
                  0001d992    00000006     gpio.obj (.text:_ZN4GPIO4gpio10assignPortEh)
                  0001d998    00000006     gpio.obj (.text:_ZN4GPIO4gpio9assignPinEj)
                  0001d99e    00000006     register.obj (.text:_ZN7OPT310114deviceRegisterC1Eh)
                  0001d9a4    00000006     register.obj (.text:_ZN7OPT310115deviceRegister2C1Eh)
                  0001d9aa    00000006     rts430x_lc_rd_eabi.lib : fltud.c.obj (.text:__mspabi_fltud)
                  0001d9b0    00000006                            : exit.c.obj (.text:abort)
                  0001d9b6    00000006     usb.obj (.text:usbClearOEP0ByteCount)
                  0001d9bc    00000006     usb.obj (.text:usbRestoreInEndpointInterrupt)
                  0001d9c2    00000006     usb.obj (.text:usbRestoreOutEndpointInterrupt)
                  0001d9c8    00000006     usb.obj (.text:usbStallOEP0)
                  0001d9ce    00000004     usbEventHandling.obj (.text:USBCDC_handleSetControlLineState)
                  0001d9d2    00000004     usbEventHandling.obj (.text:USBCDC_handleSetLineCoding)
                  0001d9d6    00000004     usbEventHandling.obj (.text:USB_handleClockEvent)
                  0001d9da    00000004     usbEventHandling.obj (.text:USB_handleEnumerationCompleteEvent)
                  0001d9de    00000004     usbEventHandling.obj (.text:USB_handleResetEvent)
                  0001d9e2    00000004     usbEventHandling.obj (.text:USB_handleResumeEvent)
                  0001d9e6    00000004     usbEventHandling.obj (.text:USB_handleSuspendEvent)
                  0001d9ea    00000004     rts430x_lc_rd_eabi.lib : new.cpp.obj (.text:_ZdaPv)
                  0001d9ee    00000004                            : new.cpp.obj (.text:_Znaj)
                  0001d9f2    00000004                            : pre_init.c.obj (.text:_system_pre_init)
                  0001d9f6    00000002     environmentControl.obj (.text:__sti___22_environmentControl_cpp_2b790555)
                  0001d9f8    00000002     rts430x_lc_rd_eabi.lib : _lock.c.obj (.text:_nop)
                  0001d9fa    00000002                            : startup.c.obj (.text:_system_post_cinit)

MODULE SUMMARY

       Module                          code    ro data   rw data
       ------                          ----    -------   -------
    .\
       OPT3101device_RegisterMap.obj   11212   0         0      
       OPT3101device_Functions.obj     5962    1842      0      
       OPT3101Calibration.obj          2238    0         0      
       OPT3101Crosstalk.obj            964     368       0      
       hostController.obj              620     88        449    
       OPT3101_configuration.obj       994     5         0      
       register.obj                    650     0         0      
       OPT3101PhaseOffset.obj          324     278       0      
       OPT3101DesignCoefficients.obj   560     0         0      
       OPT3101Coefficients.obj         490     0         0      
       main.obj                        168     68        0      
       environmentControl.obj          2       4         0      
    +--+-------------------------------+-------+---------+---------+
       Total:                          24184   2653      449    
                                                                
    .\MSP430\
       i2cHandler.obj                  800     0         14     
       MSPConnections.obj              184     0         0      
       gpio.obj                        174     0         0      
       flashHandler.obj                62      0         0      
       hal.obj                         62      0         0      
    +--+-------------------------------+-------+---------+---------+
       Total:                          1282    0         14     
                                                                
    .\MSP430\USB_API\USB_CDC_API\
       UsbCdc.obj                      2584    0         46     
    +--+-------------------------------+-------+---------+---------+
       Total:                          2584    0         46     
                                                                
    .\MSP430\USB_API\USB_Common\
       usb.obj                         2624    32        76     
       usbdma.obj                      226     10        8      
    +--+-------------------------------+-------+---------+---------+
       Total:                          2850    42        84     
                                                                
    .\MSP430\USB_app\
       usbConstructs.obj               110     0         0      
       usbEventHandling.obj            80      0         0      
    +--+-------------------------------+-------+---------+---------+
       Total:                          190     0         0      
                                                                
    .\MSP430\USB_config\
       UsbIsr.obj                      692     2         0      
       descriptors.obj                 0       487       0      
    +--+-------------------------------+-------+---------+---------+
       Total:                          692     489       0      
                                                                
    .\MSP430\driverlib\MSP430F5xx_6xx\
       ucs.obj                         1064    0         8      
       usci_b_i2c.obj                  544     0         0      
       pmm.obj                         450     0         0      
       gpio.obj                        332     28        0      
       dma.obj                         308     0         0      
       tlv.obj                         80      0         0      
       wdt_a.obj                       32      0         0      
    +--+-------------------------------+-------+---------+---------+
       Total:                          2810    28        8      
                                                                
    C:\ti\ccs1100\ccs\tools\compiler\ti-cgt-msp430_21.6.0.LTS\lib\rts430x_lc_rd_eabi.lib
       _printfi.c.obj                  6690    38        0      
       e_pow.c.obj                     4424    48        0      
       addd.c.obj                      1834    0         0      
       frcdivd.c.obj                   1126    0         0      
       div64u.c.obj                    846     0         0      
       memory.c.obj                    732     0         6      
       e_sqrt.c.obj                    734     0         0      
       mpyd.c.obj                      664     0         0      
       divd.c.obj                      546     0         0      
       frcmpyd.c.obj                   356     0         0      
       s_scalbn.c.obj                  346     0         0      
       ctype.c.obj                     0       257       0      
       cmpd.c.obj                      216     0         0      
       dtor_list.c.obj                 196     0         8      
       vec_newdel.c.obj                192     0         0      
       vsnprintf.c.obj                 172     0         0      
       s_frexp.c.obj                   166     0         0      
       fltlid.c.obj                    158     0         0      
       _ltoa.c.obj                     128     0         0      
       fltuld.c.obj                    128     0         0      
       copy_decompress_lzss.c.obj      118     0         0      
       autoinit.c.obj                  112     0         0      
       fixdli.c.obj                    102     0         0      
       atoi.c.obj                      98      0         0      
       mult64_f5hw.asm.obj             92      0         0      
       div32u.asm.obj                  88      0         0      
       exit.c.obj                      80      0         2      
       asr32.asm.obj                   78      0         0      
       lsl32.asm.obj                   78      0         0      
       lsr32.asm.obj                   78      0         0      
       asr64.c.obj                     64      0         0      
       div32s.asm.obj                  64      0         0      
       lsl64.c.obj                     58      0         0      
       lsr64.c.obj                     58      0         0      
       new.cpp.obj                     54      0         4      
       subd.c.obj                      50      0         0      
       negd.c.obj                      46      0         0      
       s_copysign.c.obj                46      0         0      
       div16s.asm.obj                  44      0         0      
       mult3264_f5hw.asm.obj           44      0         0      
       fixdi.c.obj                     40      0         0      
       memccpy.c.obj                   38      0         0      
       copy_zero_init.c.obj            36      0         0      
       mult32_f5hw.asm.obj             36      0         0      
       boot.c.obj                      28      2         0      
       strchr.c.obj                    28      0         0      
       mult16_f5hw.asm.obj             24      0         0      
       div16u.asm.obj                  22      0         0      
       memset.c.obj                    22      0         0      
       wcslen.c.obj                    22      0         0      
       memcpy.c.obj                    20      0         0      
       copy_decompress_none.c.obj      18      0         0      
       toupper.c.obj                   18      0         0      
       labs.c.obj                      14      0         0      
       strlen.c.obj                    14      0         0      
       fltid.c.obj                     12      0         0      
       _lock.c.obj                     2       0         8      
       abs.c.obj                       10      0         0      
       asr16.asm.obj                   10      0         0      
       lsl16.asm.obj                   10      0         0      
       lsr16.asm.obj                   10      0         0      
       exit_gvars.c.obj                0       0         8      
       isr_trap.asm.obj                8       0         0      
       fltud.c.obj                     6       0         0      
       pre_init.c.obj                  4       0         0      
       errno.c.obj                     0       0         2      
       int41.asm.obj                   0       2         0      
       int42.asm.obj                   0       2         0      
       int43.asm.obj                   0       2         0      
       int44.asm.obj                   0       2         0      
       int45.asm.obj                   0       2         0      
       int46.asm.obj                   0       2         0      
       int47.asm.obj                   0       2         0      
       int48.asm.obj                   0       2         0      
       int49.asm.obj                   0       2         0      
       int50.asm.obj                   0       2         0      
       int52.asm.obj                   0       2         0      
       int53.asm.obj                   0       2         0      
       int54.asm.obj                   0       2         0      
       int55.asm.obj                   0       2         0      
       int56.asm.obj                   0       2         0      
       int57.asm.obj                   0       2         0      
       int58.asm.obj                   0       2         0      
       int59.asm.obj                   0       2         0      
       int60.asm.obj                   0       2         0      
       int61.asm.obj                   0       2         0      
       int62.asm.obj                   0       2         0      
       startup.c.obj                   2       0         0      
    +--+-------------------------------+-------+---------+---------+
       Total:                          21560   387       38     
                                                                
       Heap:                           0       0         160    
       Stack:                          0       0         160    
       Linker Generated:               0       55        0      
    +--+-------------------------------+-------+---------+---------+
       Grand Total:                    56152   3654      959    


LINKER GENERATED COPY TABLES

__TI_cinit_table @ 00005368 records: 2, size/record: 8, table size: 16
	.data: load addr=00005340, load size=00000015 bytes, run addr=000026f4, run size=0000002e bytes, compression=lzss
	.bss: load addr=00005362, load size=00000006 bytes, run addr=00002400, run size=00000252 bytes, compression=zero_init


LINKER GENERATED HANDLER TABLE

__TI_handler_table @ 00005356 records: 3, size/record: 4, table size: 12
	index: 0, handler: __TI_zero_init
	index: 1, handler: __TI_decompress_lzss
	index: 2, handler: __TI_decompress_none


GLOBAL SYMBOLS: SORTED ALPHABETICALLY BY Name 

address   name                                                                                                      
-------   ----                                                                                                      
00000700  ADC12CTL0                                                                                                 
00000701  ADC12CTL0_H                                                                                               
00000700  ADC12CTL0_L                                                                                               
00000702  ADC12CTL1                                                                                                 
00000703  ADC12CTL1_H                                                                                               
00000702  ADC12CTL1_L                                                                                               
00000704  ADC12CTL2                                                                                                 
00000705  ADC12CTL2_H                                                                                               
00000704  ADC12CTL2_L                                                                                               
0000070c  ADC12IE                                                                                                   
0000070d  ADC12IE_H                                                                                                 
0000070c  ADC12IE_L                                                                                                 
0000070a  ADC12IFG                                                                                                  
0000070b  ADC12IFG_H                                                                                                
0000070a  ADC12IFG_L                                                                                                
0000070e  ADC12IV                                                                                                   
0000070f  ADC12IV_H                                                                                                 
0000070e  ADC12IV_L                                                                                                 
00000710  ADC12MCTL0                                                                                                
00000711  ADC12MCTL1                                                                                                
0000071a  ADC12MCTL10                                                                                               
0000071b  ADC12MCTL11                                                                                               
0000071c  ADC12MCTL12                                                                                               
0000071d  ADC12MCTL13                                                                                               
0000071e  ADC12MCTL14                                                                                               
0000071f  ADC12MCTL15                                                                                               
00000712  ADC12MCTL2                                                                                                
00000713  ADC12MCTL3                                                                                                
00000714  ADC12MCTL4                                                                                                
00000715  ADC12MCTL5                                                                                                
00000716  ADC12MCTL6                                                                                                
00000717  ADC12MCTL7                                                                                                
00000718  ADC12MCTL8                                                                                                
00000719  ADC12MCTL9                                                                                                
00000720  ADC12MEM0                                                                                                 
00000721  ADC12MEM0_H                                                                                               
00000720  ADC12MEM0_L                                                                                               
00000722  ADC12MEM1                                                                                                 
00000734  ADC12MEM10                                                                                                
00000735  ADC12MEM10_H                                                                                              
00000734  ADC12MEM10_L                                                                                              
00000736  ADC12MEM11                                                                                                
00000737  ADC12MEM11_H                                                                                              
00000736  ADC12MEM11_L                                                                                              
00000738  ADC12MEM12                                                                                                
00000739  ADC12MEM12_H                                                                                              
00000738  ADC12MEM12_L                                                                                              
0000073a  ADC12MEM13                                                                                                
0000073b  ADC12MEM13_H                                                                                              
0000073a  ADC12MEM13_L                                                                                              
0000073c  ADC12MEM14                                                                                                
0000073d  ADC12MEM14_H                                                                                              
0000073c  ADC12MEM14_L                                                                                              
0000073e  ADC12MEM15                                                                                                
0000073f  ADC12MEM15_H                                                                                              
0000073e  ADC12MEM15_L                                                                                              
00000723  ADC12MEM1_H                                                                                               
00000722  ADC12MEM1_L                                                                                               
00000724  ADC12MEM2                                                                                                 
00000725  ADC12MEM2_H                                                                                               
00000724  ADC12MEM2_L                                                                                               
00000726  ADC12MEM3                                                                                                 
00000727  ADC12MEM3_H                                                                                               
00000726  ADC12MEM3_L                                                                                               
00000728  ADC12MEM4                                                                                                 
00000729  ADC12MEM4_H                                                                                               
00000728  ADC12MEM4_L                                                                                               
0000072a  ADC12MEM5                                                                                                 
0000072b  ADC12MEM5_H                                                                                               
0000072a  ADC12MEM5_L                                                                                               
0000072c  ADC12MEM6                                                                                                 
0000072d  ADC12MEM6_H                                                                                               
0000072c  ADC12MEM6_L                                                                                               
0000072e  ADC12MEM7                                                                                                 
0000072f  ADC12MEM7_H                                                                                               
0000072e  ADC12MEM7_L                                                                                               
00000730  ADC12MEM8                                                                                                 
00000731  ADC12MEM8_H                                                                                               
00000730  ADC12MEM8_L                                                                                               
00000732  ADC12MEM9                                                                                                 
00000733  ADC12MEM9_H                                                                                               
00000732  ADC12MEM9_L                                                                                               
0001d9b0  C$$EXIT                                                                                                   
000008c0  CBCTL0                                                                                                    
000008c1  CBCTL0_H                                                                                                  
000008c0  CBCTL0_L                                                                                                  
000008c2  CBCTL1                                                                                                    
000008c3  CBCTL1_H                                                                                                  
000008c2  CBCTL1_L                                                                                                  
000008c4  CBCTL2                                                                                                    
000008c5  CBCTL2_H                                                                                                  
000008c4  CBCTL2_L                                                                                                  
000008c6  CBCTL3                                                                                                    
000008c7  CBCTL3_H                                                                                                  
000008c6  CBCTL3_L                                                                                                  
000008cc  CBINT                                                                                                     
000008cd  CBINT_H                                                                                                   
000008cc  CBINT_L                                                                                                   
000008ce  CBIV                                                                                                      
00000150  CRCDI                                                                                                     
00000152  CRCDIRB                                                                                                   
00000153  CRCDIRB_H                                                                                                 
00000152  CRCDIRB_L                                                                                                 
00000151  CRCDI_H                                                                                                   
00000150  CRCDI_L                                                                                                   
00000154  CRCINIRES                                                                                                 
00000155  CRCINIRES_H                                                                                               
00000154  CRCINIRES_L                                                                                               
00000156  CRCRESR                                                                                                   
00000157  CRCRESR_H                                                                                                 
00000156  CRCRESR_L                                                                                                 
0001d52c  CdcIsReceiveInProgress                                                                                    
0001c8b6  CdcResetData                                                                                              
00016c7e  CdcToBufferFromHost                                                                                       
00015ade  CdcToHostFromBuffer                                                                                       
0001977e  CopyUsbToBuff                                                                                             
00000510  DMA0CTL                                                                                                   
00000516  DMA0DA                                                                                                    
00000518  DMA0DAH                                                                                                   
00000516  DMA0DAL                                                                                                   
00000512  DMA0SA                                                                                                    
00000514  DMA0SAH                                                                                                   
00000512  DMA0SAL                                                                                                   
0000051a  DMA0SZ                                                                                                    
00000520  DMA1CTL                                                                                                   
00000526  DMA1DA                                                                                                    
00000528  DMA1DAH                                                                                                   
00000526  DMA1DAL                                                                                                   
00000522  DMA1SA                                                                                                    
00000524  DMA1SAH                                                                                                   
00000522  DMA1SAL                                                                                                   
0000052a  DMA1SZ                                                                                                    
00000530  DMA2CTL                                                                                                   
00000536  DMA2DA                                                                                                    
00000538  DMA2DAH                                                                                                   
00000536  DMA2DAL                                                                                                   
00000532  DMA2SA                                                                                                    
00000534  DMA2SAH                                                                                                   
00000532  DMA2SAL                                                                                                   
0000053a  DMA2SZ                                                                                                    
00000500  DMACTL0                                                                                                   
00000502  DMACTL1                                                                                                   
00000504  DMACTL2                                                                                                   
00000506  DMACTL3                                                                                                   
00000508  DMACTL4                                                                                                   
0000050e  DMAIV                                                                                                     
0001d968  DMA_disableTransferDuringReadModifyWrite                                                                  
0001d72a  DMA_disableTransfers                                                                                      
0001d96e  DMA_enableTransferDuringReadModifyWrite                                                                   
0001d73a  DMA_enableTransfers                                                                                       
0001d7aa  DMA_getInterruptStatus                                                                                    
0001b8b6  DMA_init                                                                                                  
0001cd66  DMA_setDstAddress                                                                                         
0001ce86  DMA_setSrcAddress                                                                                         
0001d860  DMA_setTransferSize                                                                                       
0001d7b8  DMA_startTransfer                                                                                         
00000140  FCTL1                                                                                                     
00000141  FCTL1_H                                                                                                   
00000140  FCTL1_L                                                                                                   
00000144  FCTL3                                                                                                     
00000145  FCTL3_H                                                                                                   
00000144  FCTL3_L                                                                                                   
00000146  FCTL4                                                                                                     
00000147  FCTL4_H                                                                                                   
00000146  FCTL4_L                                                                                                   
0001d35c  GPIO_disableInterrupt                                                                                     
0001d44c  GPIO_getInputPinValue                                                                                     
0001ceb4  GPIO_selectInterruptEdge                                                                                  
0001cc30  GPIO_setAsInputPin                                                                                        
0001d0ce  GPIO_setAsOutputPin                                                                                       
0001d0f6  GPIO_setAsPeripheralModuleFunctionInputPin                                                                
0001d11e  GPIO_setAsPeripheralModuleFunctionOutputPin                                                               
0001d468  GPIO_setOutputHighOnPin                                                                                   
0001d484  GPIO_setOutputLowOnPin                                                                                    
0001bc92  Handler_SetLineCoding                                                                                     
0001d4a0  IEP0InterruptHandler                                                                                      
000004c4  MAC                                                                                                       
000004da  MAC32H                                                                                                    
000004db  MAC32H_H                                                                                                  
000004da  MAC32H_L                                                                                                  
000004d8  MAC32L                                                                                                    
000004d9  MAC32L_H                                                                                                  
000004d8  MAC32L_L                                                                                                  
000004c6  MACS                                                                                                      
000004de  MACS32H                                                                                                   
000004df  MACS32H_H                                                                                                 
000004de  MACS32H_L                                                                                                 
000004dc  MACS32L                                                                                                   
000004dd  MACS32L_H                                                                                                 
000004dc  MACS32L_L                                                                                                 
000004c7  MACS_H                                                                                                    
000004c6  MACS_L                                                                                                    
000004c5  MAC_H                                                                                                     
000004c4  MAC_L                                                                                                     
000004c0  MPY                                                                                                       
000004ec  MPY32CTL0                                                                                                 
000004ed  MPY32CTL0_H                                                                                               
000004ec  MPY32CTL0_L                                                                                               
000004d2  MPY32H                                                                                                    
[...]
0001cd00  _ZN7STORAGE12flashHandler4readEjPhj                                                                       
0001cd34  __mspabi_subd                                                                                             
0001cd66  DMA_setDstAddress                                                                                         
0001cd96  USB_getConnectionInformation                                                                              
0001cdc6  USB_suspend                                                                                               
0001cdf6  _ZN14hostController5pauseEv                                                                               
0001ce26  _ZN4GPIO4gpioaSEh                                                                                         
0001ce56  _ZN7OPT31016device5resetEv                                                                                
0001ce86  DMA_setSrcAddress                                                                                         
0001ceb4  GPIO_selectInterruptEdge                                                                                  
0001cee2  _ZN7OPT310110crosstalkCC1Ev                                                                               
0001cee2  _ZN7OPT310110crosstalkCC2Ev                                                                               
0001cf10  _ZN7OPT310112phaseOffsetCC1Ev                                                                             
0001cf10  _ZN7OPT310112phaseOffsetCC2Ev                                                                             
0001cf3e  _ZN7OPT310118crosstalkTempCoffCC1Ev                                                                       
0001cf3e  _ZN7OPT310118crosstalkTempCoffCC2Ev                                                                       
0001cf6c  __mspabi_negd                                                                                             
0001cf9a  copysign                                                                                                  
0001cf9a  copysignl                                                                                                 
0001cfc8  _ZN14hostController5sleepEm                                                                               
0001cff4  __mspabi_mpyull_f5hw                                                                                      
0001d04c  __mspabi_divi                                                                                             
0001d04c  __mspabi_remi                                                                                             
0001d078  usbGetDeviceStatus                                                                                        
0001d0ce  GPIO_setAsOutputPin                                                                                       
0001d0f6  GPIO_setAsPeripheralModuleFunctionInputPin                                                                
0001d11e  GPIO_setAsPeripheralModuleFunctionOutputPin                                                               
0001d146  __mspabi_fixdi                                                                                            
0001d16e  __cxa_atexit                                                                                              
0001d194  memccpy                                                                                                   
0001d1ba  usbSetConfiguration                                                                                       
0001d1e0  _ZN14hostController11resetDeviceEv                                                                        
0001d204  _Znwj                                                                                                     
0001d228  __TI_zero_init_nomemset                                                                                   
0001d24c  __mspabi_mpyl_f5hw                                                                                        
0001d270  usbDisableInEndpointInterrupt                                                                             
0001d294  usbDisableOutEndpointInterrupt                                                                            
0001d2b8  memcpyV                                                                                                   
0001d2da  usbSendDataPacketOnEP0                                                                                    
0001d2fc  WDT_A_hold                                                                                                
0001d33c  usbSetAddress                                                                                             
0001d35c  GPIO_disableInterrupt                                                                                     
0001d37a  USCI_B_I2C_masterReceiveMultiByteEndPoll                                                                  
0001d398  USCI_B_I2C_masterReceiveSingle                                                                            
0001d3b6  _ZN14hostControllerC1Ev                                                                                   
0001d3b6  _ZN14hostControllerC2Ev                                                                                   
0001d3d4  _ZN3I2C10i2cHandler5writeEhm                                                                              
0001d3f2  _ZN7OPT310114phaseTempCoffCC1Ev                                                                           
0001d3f2  _ZN7OPT310114phaseTempCoffCC2Ev                                                                           
0001d410  usbGetInterface                                                                                           
0001d42e  usbGetInterfaceStatus                                                                                     
0001d44c  GPIO_getInputPinValue                                                                                     
0001d468  GPIO_setOutputHighOnPin                                                                                   
0001d484  GPIO_setOutputLowOnPin                                                                                    
0001d4a0  IEP0InterruptHandler                                                                                      
0001d4bc  _ZN14hostController7readI2CEh                                                                             
0001d4d8  _ZN3I2C10i2cHandler18updateSlaveAddressEv                                                                 
0001d4f4  _ZN4GPIO4gpio13setAsInputPinEv                                                                            
0001d510  strchr                                                                                                    
0001d52c  CdcIsReceiveInProgress                                                                                    
0001d546  UCS_getSMCLK                                                                                              
0001d560  USB_connect                                                                                               
0001d57a  __sti___18_hostController_cpp_host                                                                        
0001d594  USB_resume                                                                                                
0001d5ac  _ZN3I2C10i2cHandlerD1Ev                                                                                   
0001d5ac  _ZN3I2C10i2cHandlerD2Ev                                                                                   
0001d5c4  __mspabi_mpyi_f5hw                                                                                        
0001d5dc  usbClearDeviceFeature                                                                                     
0001d5f4  usbSetDeviceFeature                                                                                       
0001d622  memset                                                                                                    
0001d638  __mspabi_divu                                                                                             
0001d638  __mspabi_remu                                                                                             
0001d64e  usbGetConfigurationDescriptor                                                                             
0001d664  usbGetDeviceDescriptor                                                                                    
0001d67a  wcslen                                                                                                    
0001d690  USB_handleVbusOnEvent                                                                                     
0001d6a4  memcpy                                                                                                    
0001d6b8  usbGetConfiguration                                                                                       
0001d6cc  usbReceiveDataPacketOnEP0                                                                                 
0001d6e0  usbSetControlLineState                                                                                    
0001d6f4  __TI_decompress_none                                                                                      
0001d706  toupper                                                                                                   
0001d718  usbSetInterface                                                                                           
0001d72a  DMA_disableTransfers                                                                                      
0001d73a  DMA_enableTransfers                                                                                       
0001d74a  _ZN4GPIO4gpio19selectInterruptEdgeEh                                                                      
0001d75a  _ZN7OPT310114deviceRegister4readEh                                                                        
0001d76a  _ZN7OPT310115deviceRegister24readEh                                                                       
0001d77a  __mspabi_sral                                                                                             
0001d78a  __mspabi_slll                                                                                             
0001d79a  __mspabi_srll                                                                                             
0001d7aa  DMA_getInterruptStatus                                                                                    
0001d7b8  DMA_startTransfer                                                                                         
0001d7c6  USCI_B_I2C_isBusBusy                                                                                      
0001d7d4  _ZN14hostControllerD1Ev                                                                                   
0001d7e2  _ZN4GPIO4gpio14setAsOutputPinEv                                                                           
0001d7f0  _ZN4GPIO4gpio16disableInterruptEv                                                                         
0001d7fe  _ZN4GPIO4gpio16getInputPinValueEv                                                                         
0001d80c  _ZN4GPIO4gpio37setAsPeripheralModuleFunctionInputPinEv                                                    
0001d81a  _ZN4GPIO4gpio38setAsPeripheralModuleFunctionOutputPinEv                                                   
0001d828  labs                                                                                                      
0001d836  strlen                                                                                                    
0001d844  usbInvalidRequest                                                                                         
0001d852  usbSendZeroLengthPacketOnIEP0                                                                             
0001d860  DMA_setTransferSize                                                                                       
0001d86c  USCI_B_I2C_masterReceiveMultiByteStart                                                                    
0001d878  USCI_B_I2C_setMode                                                                                        
0001d884  USCI_B_I2C_setSlaveAddress                                                                                
0001d890  __mspabi_fltid                                                                                            
0001d89c  usbSetLineCoding                                                                                          
0001d8a8  _ZN7OPT310114deviceRegister7readI2CEh                                                                     
0001d8b2  _ZN7OPT310114deviceRegister8writeI2CEhm                                                                   
0001d8bc  _ZN7OPT310115deviceRegister27readI2CEh                                                                    
0001d8c6  _ZN7OPT310115deviceRegister28writeI2CEhm                                                                  
0001d8d0  _ZN7STORAGE12flashHandlerC1Ev                                                                             
0001d8d0  _ZN7STORAGE12flashHandlerC2Ev                                                                             
0001d8da  _ZdlPv                                                                                                    
0001d8e4  __cxa_ia64_exit                                                                                           
0001d8ee  abs                                                                                                       
0001d8f8  __mspabi_srai                                                                                             
0001d902  __mspabi_slli                                                                                             
0001d90c  __mspabi_srli                                                                                             
0001d916  usbStallEndpoint0                                                                                         
0001d920  UCS_turnOffXT2                                                                                            
0001d928  USBCDC_handleDataReceived                                                                                 
0001d930  USBCDC_handleReceiveCompleted                                                                             
0001d938  USBCDC_handleSendCompleted                                                                                
0001d940  USB_handleVbusOffEvent                                                                                    
0001d948  USB_setEnabledEvents                                                                                      
0001d950  USCI_B_I2C_masterIsStartSent                                                                              
0001d958  USCI_B_I2C_masterIsStopSent                                                                               
0001d960  malloc                                                                                                    
0001d968  DMA_disableTransferDuringReadModifyWrite                                                                  
0001d96e  DMA_enableTransferDuringReadModifyWrite                                                                   
0001d974  UCS_turnOnSMCLK                                                                                           
0001d97a  USB_getVersion                                                                                            
0001d980  USCI_B_I2C_enable                                                                                         
0001d986  USCI_B_I2C_masterReceiveMultiByteStop                                                                     
0001d98c  _ZN14hostController8writeI2CEhm                                                                           
0001d992  _ZN4GPIO4gpio10assignPortEh                                                                               
0001d998  _ZN4GPIO4gpio9assignPinEj                                                                                 
0001d99e  _ZN7OPT310114deviceRegisterC1Eh                                                                           
0001d99e  _ZN7OPT310114deviceRegisterC2Eh                                                                           
0001d9a4  _ZN7OPT310115deviceRegister2C1Eh                                                                          
0001d9a4  _ZN7OPT310115deviceRegister2C2Eh                                                                          
0001d9aa  __mspabi_fltud                                                                                            
0001d9b0  C$$EXIT                                                                                                   
0001d9b0  _ZSt17__throw_bad_allocv                                                                                  
0001d9b0  abort                                                                                                     
0001d9b6  usbClearOEP0ByteCount                                                                                     
0001d9bc  usbRestoreInEndpointInterrupt                                                                             
0001d9c2  usbRestoreOutEndpointInterrupt                                                                            
0001d9c8  usbStallOEP0                                                                                              
0001d9ce  USBCDC_handleSetControlLineState                                                                          
0001d9d2  USBCDC_handleSetLineCoding                                                                                
0001d9d6  USB_handleClockEvent                                                                                      
0001d9da  USB_handleEnumerationCompleteEvent                                                                        
0001d9de  USB_handleResetEvent                                                                                      
0001d9e2  USB_handleResumeEvent                                                                                     
0001d9e6  USB_handleSuspendEvent                                                                                    
0001d9ea  _ZdaPv                                                                                                    
0001d9ee  _Znaj                                                                                                     
0001d9f2  _system_pre_init                                                                                          
0001d9f6  __sti___22_environmentControl_cpp_2b790555                                                                
0001d9f8  _nop                                                                                                      
0001d9fa  _system_post_cinit                                                                                        
ffffffff  __TI_pprof_out_hndl                                                                                       
ffffffff  __TI_prof_data_size                                                                                       
ffffffff  __TI_prof_data_start                                                                                      
ffffffff  __c_args__                                                                                                

[1194 symbols]
